// Jest Snapshot v1, https://goo.gl/fbAQLP

exports[`custom variable new api 1`] = `
Array [
  Object {
    "name": "hello",
    "schedule": Object {
      "enabled": true,
      "input": Object {
        "source": "logger",
      },
      "rate": "rate(5 minutes)",
    },
    "wrapper": "wrappers.logger",
  },
  Object {
    "name": "goodbye",
    "schedule": false,
    "wrapper": undefined,
  },
]
`;
